Executing "step_script" stage of the job script
00:15
Using docker image sha256:7015f2c475d511a251955877c2862016a4042512ba625ed905e69202f87e1a21 for docker:24.0.5 with digest docker@sha256:3c6e4dca7a63c9a32a4e00da40461ce067f255987ccc9721cf18ffa087bcd1ef ...
$ apk add --no-cache curl
fetch https://dl-cdn.alpinelinux.org/alpine/v3.18/main/x86_64/APKINDEX.tar.gz
fetch https://dl-cdn.alpinelinux.org/alpine/v3.18/community/x86_64/APKINDEX.tar.gz
(1/7) Installing brotli-libs (1.0.9-r14)
(2/7) Installing libunistring (1.1-r1)
(3/7) Installing libidn2 (2.3.4-r1)
(4/7) Installing nghttp2-libs (1.57.0-r0)
(5/7) Installing libpsl (0.21.5-r0)
(6/7) Installing libcurl (8.12.1-r0)
(7/7) Installing curl (8.12.1-r0)
Executing busybox-1.36.1-r2.trigger
OK: 35 MiB in 62 packages
$ curl -sfL https://raw.githubusercontent.com/aquasecurity/trivy/main/contrib/install.sh | sh -s -- -b /usr/local/bin
aquasecurity/trivy info checking GitHub for latest tag
aquasecurity/trivy info found version: 0.62.1 for v0.62.1/Linux/64bit
aquasecurity/trivy info installed /usr/local/bin/trivy
$ VERSION=$(cat version.txt)
$ echo "Version = $VERSION"
Version = main
$ FULL_IMAGE_NAME="$CI_REGISTRY_IMAGE:$VERSION"
$ trivy --version
Version: 0.62.1
$ trivy image --exit-code 0 "$FULL_IMAGE_NAME"
2025-05-18T12:38:19Z	INFO	[vulndb] Need to update DB
2025-05-18T12:38:19Z	INFO	[vulndb] Downloading vulnerability DB...
2025-05-18T12:38:19Z	INFO	[vulndb] Downloading artifact...	repo="mirror.gcr.io/aquasec/trivy-db:2"
2025-05-18T12:38:23Z	INFO	[vulndb] Artifact successfully downloaded	repo="mirror.gcr.io/aquasec/trivy-db:2"
2025-05-18T12:38:23Z	INFO	[vuln] Vulnerability scanning is enabled
2025-05-18T12:38:23Z	INFO	[secret] Secret scanning is enabled
2025-05-18T12:38:23Z	INFO	[secret] If your scanning is slow, please try '--scanners vuln' to disable secret scanning
2025-05-18T12:38:23Z	INFO	[secret] Please see also https://trivy.dev/v0.62/docs/scanner/secret#recommendation for faster secret detection
2025-05-18T12:38:26Z	INFO	Detected OS	family="alpine" version="3.20.4"
2025-05-18T12:38:26Z	INFO	[alpine] Detecting vulnerabilities...	os_version="3.20" repository="3.20" pkg_num=21
2025-05-18T12:38:26Z	INFO	Number of language-specific files	num=1
2025-05-18T12:38:26Z	INFO	[gobinary] Detecting vulnerabilities...
2025-05-18T12:38:26Z	WARN	Using severities from other vendors for some vulnerabilities. Read https://trivy.dev/v0.62/docs/scanner/vulnerability#severity-selection for details.
Report Summary
┌───────────────────────────────────────────────────────────────────┬──────────┬─────────────────┬─────────┐
│                              Target                               │   Type   │ Vulnerabilities │ Secrets │
├───────────────────────────────────────────────────────────────────┼──────────┼─────────────────┼─────────┤
│ registry.gitlab.com/data-generator1/my-caddy:main (alpine 3.20.4) │  alpine  │        6        │    -    │
├───────────────────────────────────────────────────────────────────┼──────────┼─────────────────┼─────────┤
│ usr/bin/caddy                                                     │ gobinary │       16        │    -    │
└───────────────────────────────────────────────────────────────────┴──────────┴─────────────────┴─────────┘
Legend:
- '-': Not scanned
- '0': Clean (no security findings detected)
For OSS Maintainers: VEX Notice
--------------------------------
If you're an OSS maintainer and Trivy has detected vulnerabilities in your project that you believe are not actually exploitable, consider issuing a VEX (Vulnerability Exploitability eXchange) statement.
VEX allows you to communicate the actual status of vulnerabilities in your project, improving security transparency and reducing false positives for your users.
Learn more and start using VEX: https://trivy.dev/v0.62/docs/supply-chain/vex/repo#publishing-vex-documents
To disable this notice, set the TRIVY_DISABLE_VEX_NOTICE environment variable.
registry.gitlab.com/data-generator1/my-caddy:main (alpine 3.20.4)
=================================================================
Total: 6 (UNKNOWN: 2, LOW: 0, MEDIUM: 2, HIGH: 2, CRITICAL: 0)
┌────────────┬────────────────┬──────────┬────────┬───────────────────┬───────────────┬─────────────────────────────────────────────────────────────┐
│  Library   │ Vulnerability  │ Severity │ Status │ Installed Version │ Fixed Version │                            Title                            │
├────────────┼────────────────┼──────────┼────────┼───────────────────┼───────────────┼─────────────────────────────────────────────────────────────┤
│ libcrypto3 │ CVE-2024-12797 │ HIGH     │ fixed  │ 3.3.2-r1          │ 3.3.3-r0      │ openssl: RFC7250 handshakes with unauthenticated servers    │
│            │                │          │        │                   │               │ don't abort as expected                                     │
│            │                │          │        │                   │               │ https://avd.aquasec.com/nvd/cve-2024-12797                  │
│            ├────────────────┼──────────┤        │                   ├───────────────┼─────────────────────────────────────────────────────────────┤
│            │ CVE-2024-13176 │ MEDIUM   │        │                   │ 3.3.2-r2      │ openssl: Timing side-channel in ECDSA signature computation │
│            │                │          │        │                   │               │ https://avd.aquasec.com/nvd/cve-2024-13176                  │
├────────────┼────────────────┼──────────┤        │                   ├───────────────┼─────────────────────────────────────────────────────────────┤
│ libssl3    │ CVE-2024-12797 │ HIGH     │        │                   │ 3.3.3-r0      │ openssl: RFC7250 handshakes with unauthenticated servers    │
│            │                │          │        │                   │               │ don't abort as expected                                     │
│            │                │          │        │                   │               │ https://avd.aquasec.com/nvd/cve-2024-12797                  │
│            ├────────────────┼──────────┤        │                   ├───────────────┼─────────────────────────────────────────────────────────────┤
│            │ CVE-2024-13176 │ MEDIUM   │        │                   │ 3.3.2-r2      │ openssl: Timing side-channel in ECDSA signature computation │
│            │                │          │        │                   │               │ https://avd.aquasec.com/nvd/cve-2024-13176                  │
├────────────┼────────────────┼──────────┤        ├───────────────────┼───────────────┼─────────────────────────────────────────────────────────────┤
│ musl       │ CVE-2025-26519 │ UNKNOWN  │        │ 1.2.5-r0          │ 1.2.5-r1      │ musl libc 0.9.13 through 1.2.5 before 1.2.6 has an          │
│            │                │          │        │                   │               │ out-of-bounds write ......                                  │
│            │                │          │        │                   │               │ https://avd.aquasec.com/nvd/cve-2025-26519                  │
├────────────┤                │          │        │                   │               │                                                             │
│ musl-utils │                │          │        │                   │               │                                                             │
│            │                │          │        │                   │               │                                                             │
│            │                │          │        │                   │               │                                                             │
└────────────┴────────────────┴──────────┴────────┴───────────────────┴───────────────┴─────────────────────────────────────────────────────────────┘
usr/bin/caddy (gobinary)
========================
Total: 16 (UNKNOWN: 0, LOW: 0, MEDIUM: 12, HIGH: 2, CRITICAL: 2)
┌───────────────────────────────┬────────────────┬──────────┬────────┬───────────────────┬──────────────────────────────┬──────────────────────────────────────────────────────────────┐
│            Library            │ Vulnerability  │ Severity │ Status │ Installed Version │        Fixed Version         │                            Title                             │
├───────────────────────────────┼────────────────┼──────────┼────────┼───────────────────┼──────────────────────────────┼──────────────────────────────────────────────────────────────┤
│ github.com/go-jose/go-jose/v3 │ CVE-2025-27144 │ MEDIUM   │ fixed  │ v3.0.3            │ 3.0.4                        │ go-jose: Go JOSE's Parsing Vulnerable to Denial of Service   │
│                               │                │          │        │                   │                              │ https://avd.aquasec.com/nvd/cve-2025-27144                   │
├───────────────────────────────┼────────────────┤          │        ├───────────────────┼──────────────────────────────┼──────────────────────────────────────────────────────────────┤
│ github.com/quic-go/quic-go    │ CVE-2024-53259 │          │        │ v0.44.0           │ 0.48.2                       │ quic-go: quic-go affected by an ICMP Packet Too Large        │
│                               │                │          │        │                   │                              │ Injection Attack on...                                       │
│                               │                │          │        │                   │                              │ https://avd.aquasec.com/nvd/cve-2024-53259                   │
├───────────────────────────────┼────────────────┼──────────┤        ├───────────────────┼──────────────────────────────┼──────────────────────────────────────────────────────────────┤
│ golang.org/x/crypto           │ CVE-2024-45337 │ CRITICAL │        │ v0.23.0           │ 0.31.0                       │ golang.org/x/crypto/ssh: Misuse of                           │
│                               │                │          │        │                   │                              │ ServerConfig.PublicKeyCallback may cause authorization       │
│                               │                │          │        │                   │                              │ bypass in golang.org/x/crypto                                │
│                               │                │          │        │                   │                              │ https://avd.aquasec.com/nvd/cve-2024-45337                   │
│                               ├────────────────┼──────────┤        │                   ├──────────────────────────────┼──────────────────────────────────────────────────────────────┤
│                               │ CVE-2025-22869 │ HIGH     │        │                   │ 0.35.0                       │ golang.org/x/crypto/ssh: Denial of Service in the Key        │
│                               │                │          │        │                   │                              │ Exchange of golang.org/x/crypto/ssh                          │
│                               │                │          │        │                   │                              │ https://avd.aquasec.com/nvd/cve-2025-22869                   │
├───────────────────────────────┼────────────────┼──────────┤        ├───────────────────┼──────────────────────────────┼──────────────────────────────────────────────────────────────┤
│ golang.org/x/net              │ CVE-2025-22870 │ MEDIUM   │        │ v0.25.0           │ 0.36.0                       │ golang.org/x/net/proxy: golang.org/x/net/http/httpproxy:     │
│                               │                │          │        │                   │                              │ HTTP Proxy bypass using IPv6 Zone IDs in golang.org/x/net    │
│                               │                │          │        │                   │                              │ https://avd.aquasec.com/nvd/cve-2025-22870                   │
│                               ├────────────────┤          │        │                   ├──────────────────────────────┼──────────────────────────────────────────────────────────────┤
│                               │ CVE-2025-22872 │          │        │                   │ 0.38.0                       │ golang.org/x/net/html: Incorrect Neutralization of Input     │
│                               │                │          │        │                   │                              │ During Web Page Generation in x/net in...                    │
│                               │                │          │        │                   │                              │ https://avd.aquasec.com/nvd/cve-2025-22872                   │
├───────────────────────────────┼────────────────┼──────────┤        ├───────────────────┼──────────────────────────────┼──────────────────────────────────────────────────────────────┤
│ stdlib                        │ CVE-2024-24790 │ CRITICAL │        │ v1.22.3           │ 1.21.11, 1.22.4              │ golang: net/netip: Unexpected behavior from Is methods for   │
│                               │                │          │        │                   │                              │ IPv4-mapped IPv6 addresses                                   │
│                               │                │          │        │                   │                              │ https://avd.aquasec.com/nvd/cve-2024-24790                   │
│                               ├────────────────┼──────────┤        │                   ├──────────────────────────────┼──────────────────────────────────────────────────────────────┤
│                               │ CVE-2024-34156 │ HIGH     │        │                   │ 1.22.7, 1.23.1               │ encoding/gob: golang: Calling Decoder.Decode on a message    │
│                               │                │          │        │                   │                              │ which contains deeply nested structures...                   │
│                               │                │          │        │                   │                              │ https://avd.aquasec.com/nvd/cve-2024-34156                   │
│                               ├────────────────┼──────────┤        │                   ├──────────────────────────────┼──────────────────────────────────────────────────────────────┤
│                               │ CVE-2024-24789 │ MEDIUM   │        │                   │ 1.21.11, 1.22.4              │ golang: archive/zip: Incorrect handling of certain ZIP files │
│                               │                │          │        │                   │                              │ https://avd.aquasec.com/nvd/cve-2024-24789                   │
│                               ├────────────────┤          │        │                   ├──────────────────────────────┼──────────────────────────────────────────────────────────────┤
│                               │ CVE-2024-24791 │          │        │                   │ 1.21.12, 1.22.5              │ net/http: Denial of service due to improper 100-continue     │
│                               │                │          │        │                   │                              │ handling in net/http                                         │
│                               │                │          │        │                   │                              │ https://avd.aquasec.com/nvd/cve-2024-24791                   │
│                               ├────────────────┤          │        │                   ├──────────────────────────────┼──────────────────────────────────────────────────────────────┤
│                               │ CVE-2024-34155 │          │        │                   │ 1.22.7, 1.23.1               │ go/parser: golang: Calling any of the Parse functions        │
│                               │                │          │        │                   │                              │ containing deeply nested literals...                         │
│                               │                │          │        │                   │                              │ https://avd.aquasec.com/nvd/cve-2024-34155                   │
│                               ├────────────────┤          │        │                   │                              ├──────────────────────────────────────────────────────────────┤
│                               │ CVE-2024-34158 │          │        │                   │                              │ go/build/constraint: golang: Calling Parse on a "// +build"  │
│                               │                │          │        │                   │                              │ build tag line with...                                       │
│                               │                │          │        │                   │                              │ https://avd.aquasec.com/nvd/cve-2024-34158                   │
│                               ├────────────────┤          │        │                   ├──────────────────────────────┼──────────────────────────────────────────────────────────────┤
│                               │ CVE-2024-45336 │          │        │                   │ 1.22.11, 1.23.5, 1.24.0-rc.2 │ golang: net/http: net/http: sensitive headers incorrectly    │
│                               │                │          │        │                   │                              │ sent after cross-domain redirect                             │
│                               │                │          │        │                   │                              │ https://avd.aquasec.com/nvd/cve-2024-45336                   │
│                               ├────────────────┤          │        │                   │                              ├──────────────────────────────────────────────────────────────┤
│                               │ CVE-2024-45341 │          │        │                   │                              │ golang: crypto/x509: crypto/x509: usage of IPv6 zone IDs can │
│                               │                │          │        │                   │                              │ bypass URI name...                                           │
│                               │                │          │        │                   │                              │ https://avd.aquasec.com/nvd/cve-2024-45341                   │
│                               ├────────────────┤          │        │                   ├──────────────────────────────┼──────────────────────────────────────────────────────────────┤
│                               │ CVE-2025-22866 │          │        │                   │ 1.22.12, 1.23.6, 1.24.0-rc.3 │ crypto/internal/nistec: golang: Timing sidechannel for P-256 │
│                               │                │          │        │                   │                              │ on ppc64le in crypto/internal/nistec                         │
│                               │                │          │        │                   │                              │ https://avd.aquasec.com/nvd/cve-2025-22866                   │
│                               ├────────────────┤          │        │                   ├──────────────────────────────┼──────────────────────────────────────────────────────────────┤
│                               │ CVE-2025-22871 │          │        │                   │ 1.23.8, 1.24.2               │ net/http: Request smuggling due to acceptance of invalid     │
│                               │                │          │        │                   │                              │ chunked data in net/http...                                  │
│                               │                │          │        │                   │                              │ https://avd.aquasec.com/nvd/cve-2025-22871                   │
└───────────────────────────────┴────────────────┴──────────┴────────┴───────────────────┴──────────────────────────────┴──────────────────────────────────────────────────────────────┘
$ trivy image --exit-code 1 --severity CRITICAL "$FULL_IMAGE_NAME"
2025-05-18T12:38:26Z	INFO	[vuln] Vulnerability scanning is enabled
2025-05-18T12:38:26Z	INFO	[secret] Secret scanning is enabled
2025-05-18T12:38:26Z	INFO	[secret] If your scanning is slow, please try '--scanners vuln' to disable secret scanning
2025-05-18T12:38:26Z	INFO	[secret] Please see also https://trivy.dev/v0.62/docs/scanner/secret#recommendation for faster secret detection
2025-05-18T12:38:27Z	INFO	Detected OS	family="alpine" version="3.20.4"
2025-05-18T12:38:27Z	INFO	[alpine] Detecting vulnerabilities...	os_version="3.20" repository="3.20" pkg_num=21
2025-05-18T12:38:27Z	INFO	Number of language-specific files	num=1
2025-05-18T12:38:27Z	INFO	[gobinary] Detecting vulnerabilities...
2025-05-18T12:38:27Z	WARN	Using severities from other vendors for some vulnerabilities. Read https://trivy.dev/v0.62/docs/scanner/vulnerability#severity-selection for details.
Report Summary
┌───────────────────────────────────────────────────────────────────┬──────────┬─────────────────┬─────────┐
│                              Target                               │   Type   │ Vulnerabilities │ Secrets │
├───────────────────────────────────────────────────────────────────┼──────────┼─────────────────┼─────────┤
│ registry.gitlab.com/data-generator1/my-caddy:main (alpine 3.20.4) │  alpine  │        0        │    -    │
├───────────────────────────────────────────────────────────────────┼──────────┼─────────────────┼─────────┤
│ usr/bin/caddy                                                     │ gobinary │        2        │    -    │
└───────────────────────────────────────────────────────────────────┴──────────┴─────────────────┴─────────┘
Legend:
- '-': Not scanned
- '0': Clean (no security findings detected)
For OSS Maintainers: VEX Notice
--------------------------------
If you're an OSS maintainer and Trivy has detected vulnerabilities in your project that you believe are not actually exploitable, consider issuing a VEX (Vulnerability Exploitability eXchange) statement.
VEX allows you to communicate the actual status of vulnerabilities in your project, improving security transparency and reducing false positives for your users.
Learn more and start using VEX: https://trivy.dev/v0.62/docs/supply-chain/vex/repo#publishing-vex-documents
To disable this notice, set the TRIVY_DISABLE_VEX_NOTICE environment variable.
usr/bin/caddy (gobinary)
========================
Total: 2 (CRITICAL: 2)
┌─────────────────────┬────────────────┬──────────┬────────┬───────────────────┬─────────────────┬────────────────────────────────────────────────────────────┐
│       Library       │ Vulnerability  │ Severity │ Status │ Installed Version │  Fixed Version  │                           Title                            │
├─────────────────────┼────────────────┼──────────┼────────┼───────────────────┼─────────────────┼────────────────────────────────────────────────────────────┤
│ golang.org/x/crypto │ CVE-2024-45337 │ CRITICAL │ fixed  │ v0.23.0           │ 0.31.0          │ golang.org/x/crypto/ssh: Misuse of                         │
│                     │                │          │        │                   │                 │ ServerConfig.PublicKeyCallback may cause authorization     │
│                     │                │          │        │                   │                 │ bypass in golang.org/x/crypto                              │
│                     │                │          │        │                   │                 │ https://avd.aquasec.com/nvd/cve-2024-45337                 │
├─────────────────────┼────────────────┤          │        ├───────────────────┼─────────────────┼────────────────────────────────────────────────────────────┤
│ stdlib              │ CVE-2024-24790 │          │        │ v1.22.3           │ 1.21.11, 1.22.4 │ golang: net/netip: Unexpected behavior from Is methods for │
│                     │                │          │        │                   │                 │ IPv4-mapped IPv6 addresses                                 │
│                     │                │          │        │                   │                 │ https://avd.aquasec.com/nvd/cve-2024-24790                 │
└─────────────────────┴────────────────┴──────────┴────────┴───────────────────┴─────────────────┴────────────────────────────────────────────────────────────┘
Cleaning up project directory and file based variables
00:00
ERROR: Job failed: exit code 1